<html>
<body>
<pre>
<h1>µVision Build Log</h1>
<h2>Tool Versions:</h2>
IDE-Version: •ÏVision V5.27.1.0
Copyright (C) 2019 ARM Ltd and ARM Germany GmbH. All rights reserved.
License Information: JIWOO KIM, SSU, LIC=----
 
Tool Versions:
Toolchain:       MDK-Lite  Version: 5.27.1.0
Toolchain Path:  C:\Keil_v5\ARM\ARMCC\Bin
C Compiler:      Armcc.exe V5.06 update 6 (build 750)
Assembler:       Armasm.exe V5.06 update 6 (build 750)
Linker/Locator:  ArmLink.exe V5.06 update 6 (build 750)
Library Manager: ArmAr.exe V5.06 update 6 (build 750)
Hex Converter:   FromElf.exe V5.06 update 6 (build 750)
CPU DLL:         SARM.DLL V5.27.1.0
Dialog DLL:      DARMP.DLL V1.53.0.0 
<h2>Project:</h2>
D:\microprocessorProject\assem_print_result_float_point\p4.uvproj
Project File Date:  05/30/2019

<h2>Output:</h2>
*** Using Compiler 'V5.06 update 6 (build 750)', folder: 'C:\Keil_v5\ARM\ARMCC\Bin'
Build target 'Target 1'
compiling main.c...
main.c(46): warning:  #513-D: a value of type "int" cannot be assigned to an entity of type "int *"
  	result=0x70119590;
main.c(46): warning:  #152-D: conversion of nonzero integer to pointer
  	result=0x70119590;
main.c(54): warning:  #513-D: a value of type "int" cannot be assigned to an entity of type "int *"
  	result=0x701198B0;	
main.c(54): warning:  #152-D: conversion of nonzero integer to pointer
  	result=0x701198B0;	
main.c(63): warning:  #513-D: a value of type "int" cannot be assigned to an entity of type "int *"
  	result=0x701774B0;	
main.c(63): warning:  #152-D: conversion of nonzero integer to pointer
  	result=0x701774B0;	
main.c(71): warning:  #513-D: a value of type "int" cannot be assigned to an entity of type "int *"
  	result=0x7011A080;	
main.c(71): warning:  #152-D: conversion of nonzero integer to pointer
  	result=0x7011A080;	
main.c: 8 warnings, 0 errors
linking...
.\Objects\p4.axf: Warning: L6305W: Image does not have an entry point. (Not specified or not set due to multiple choices.)
Program Size: Code=2472 RO-data=16 RW-data=0 ZI-data=1160  
Finished: 0 information, 1 warning and 0 error messages.
".\Objects\p4.axf" - 0 Error(s), 9 Warning(s).
Build Time Elapsed:  00:00:01
</pre>
</body>
</html>
